2022-04-20T22:20:32.6257497+02:00	DBUG	[Microsoft.Extensions.Hosting.Internal.Host]	[Starting]	Hosting starting
2022-04-20T22:22:04.1981028+02:00	DBUG	[Microsoft.Extensions.Hosting.Internal.Host]	[Starting]	Hosting starting
2022-04-20T22:23:58.7166407+02:00	DBUG	[Microsoft.Extensions.Hosting.Internal.Host]	[Starting]	Hosting starting
2022-04-20T22:25:44.7657137+02:00	DBUG	[Microsoft.Extensions.Hosting.Internal.Host]	[Starting]	Hosting starting
2022-04-20T22:25:45.3765066+02:00	INFO	[DynamicCheck.TestService]	[0]	Starting application...
2022-04-20T22:25:45.3775111+02:00	INFO	[Microsoft.Hosting.Lifetime]	[0]	Application started. Press Ctrl+C to shut down.
2022-04-20T22:25:45.3807050+02:00	INFO	[Microsoft.Hosting.Lifetime]	[0]	Hosting environment: Production
2022-04-20T22:25:45.3807053+02:00	INFO	[DynamicCheck.TestingLifeCycle]	[0]	Starting stage: Deel A
2022-04-20T22:25:45.3807264+02:00	INFO	[Microsoft.Hosting.Lifetime]	[0]	Content root path: C:\Users\yveem\InteractiveCodingTest
2022-04-20T22:25:45.3808009+02:00	DBUG	[Microsoft.Extensions.Hosting.Internal.Host]	[Started]	Hosting started
2022-04-20T22:25:48.4086234+02:00	INFO	[Microsoft.Hosting.Lifetime]	[0]	Application is shutting down...
2022-04-20T22:25:48.4111253+02:00	DBUG	[Microsoft.Extensions.Hosting.Internal.Host]	[Stopping]	Hosting stopping
2022-04-20T22:25:48.4116791+02:00	DBUG	[Microsoft.Extensions.Hosting.Internal.Host]	[Stopped]	Hosting stopped
2022-04-20T22:29:26.8602832+02:00	DBUG	[Microsoft.Extensions.Hosting.Internal.Host]	[Starting]	Hosting starting
2022-04-20T22:29:27.0436659+02:00	INFO	[DynamicCheck.TestService]	[0]	Starting application...
2022-04-20T22:29:27.0448979+02:00	INFO	[Microsoft.Hosting.Lifetime]	[0]	Application started. Press Ctrl+C to shut down.
2022-04-20T22:29:27.0484977+02:00	INFO	[Microsoft.Hosting.Lifetime]	[0]	Hosting environment: Production
2022-04-20T22:29:27.0485006+02:00	INFO	[DynamicCheck.TestingLifeCycle]	[0]	Starting stage: Deel A
2022-04-20T22:29:27.0485178+02:00	INFO	[Microsoft.Hosting.Lifetime]	[0]	Content root path: C:\Users\yveem\InteractiveCodingTest
2022-04-20T22:29:27.0486028+02:00	DBUG	[Microsoft.Extensions.Hosting.Internal.Host]	[Started]	Hosting started
2022-04-20T22:29:28.2337229+02:00	DBUG	[DynamicCheck.Testing.TestRunner]	[0]	Creating file for stage Deel A
2022-04-20T22:29:28.2346393+02:00	FAIL	[DynamicCheck.TestService]	[0]	Uncaught ErrorSystem.IO.FileNotFoundException: Failed to find Manifest Resource 'DynamicCheck.DeelA.txt'
   at DynamicCheck.IO.TestFile..ctor(Stage stage) in C:\Users\yveem\InteractiveCodingTest\IO\TestFile.cs:line 22
   at DynamicCheck.Testing.TestRunner.RunStage(Stage stage) in C:\Users\yveem\InteractiveCodingTest\Testing\TestRunner.cs:line 28
   at DynamicCheck.TestingLifeCycle.StartStage(Stage stage) in C:\Users\yveem\InteractiveCodingTest\TestingLifeCycle.cs:line 25
   at DynamicCheck.TestService.<StartAsync>b__6_1() in C:\Users\yveem\InteractiveCodingTest\TestService.cs:line 44

2022-04-20T22:29:28.2473063+02:00	INFO	[Microsoft.Hosting.Lifetime]	[0]	Application is shutting down...
2022-04-20T22:29:28.2498918+02:00	DBUG	[Microsoft.Extensions.Hosting.Internal.Host]	[Stopping]	Hosting stopping
2022-04-20T22:29:28.2503951+02:00	DBUG	[Microsoft.Extensions.Hosting.Internal.Host]	[Stopped]	Hosting stopped
2022-04-20T22:29:36.4341270+02:00	DBUG	[Microsoft.Extensions.Hosting.Internal.Host]	[Starting]	Hosting starting
2022-04-20T22:29:36.5767132+02:00	INFO	[DynamicCheck.TestService]	[0]	Starting application...
2022-04-20T22:29:36.5776640+02:00	INFO	[Microsoft.Hosting.Lifetime]	[0]	Application started. Press Ctrl+C to shut down.
2022-04-20T22:29:36.5807307+02:00	INFO	[Microsoft.Hosting.Lifetime]	[0]	Hosting environment: Production
2022-04-20T22:29:36.5807318+02:00	INFO	[DynamicCheck.TestingLifeCycle]	[0]	Starting stage: Deel A
2022-04-20T22:29:36.5807473+02:00	INFO	[Microsoft.Hosting.Lifetime]	[0]	Content root path: C:\Users\yveem\InteractiveCodingTest
2022-04-20T22:29:36.5808163+02:00	DBUG	[Microsoft.Extensions.Hosting.Internal.Host]	[Started]	Hosting started
2022-04-20T22:29:37.1045413+02:00	DBUG	[DynamicCheck.Testing.TestRunner]	[0]	Creating file for stage Deel A
2022-04-20T22:29:37.1068474+02:00	DBUG	[DynamicCheck.Testing.TestRunner]	[0]	Recompiling ./DeelA.cs
2022-04-20T22:29:46.3020362+02:00	DBUG	[DynamicCheck.Testing.TestRunner]	[0]	Recompiling ./DeelA.cs
2022-04-20T22:29:54.8634410+02:00	INFO	[Microsoft.Hosting.Lifetime]	[0]	Application is shutting down...
2022-04-20T22:29:54.8659071+02:00	DBUG	[Microsoft.Extensions.Hosting.Internal.Host]	[Stopping]	Hosting stopping
2022-04-20T22:29:54.8663940+02:00	DBUG	[Microsoft.Extensions.Hosting.Internal.Host]	[Stopped]	Hosting stopped
2022-04-20T22:30:53.6282778+02:00	DBUG	[Microsoft.Extensions.Hosting.Internal.Host]	[Starting]	Hosting starting
2022-04-20T22:30:53.7676997+02:00	INFO	[DynamicCheck.TestService]	[0]	Starting application...
2022-04-20T22:30:53.7686638+02:00	INFO	[Microsoft.Hosting.Lifetime]	[0]	Application started. Press Ctrl+C to shut down.
2022-04-20T22:30:53.7718600+02:00	INFO	[Microsoft.Hosting.Lifetime]	[0]	Hosting environment: Production
2022-04-20T22:30:53.7718608+02:00	INFO	[DynamicCheck.TestingLifeCycle]	[0]	Starting stage: Deel A
2022-04-20T22:30:53.7718738+02:00	INFO	[Microsoft.Hosting.Lifetime]	[0]	Content root path: C:\Users\yveem\InteractiveCodingTest
2022-04-20T22:30:53.7719443+02:00	DBUG	[Microsoft.Extensions.Hosting.Internal.Host]	[Started]	Hosting started
2022-04-20T22:30:54.2557004+02:00	DBUG	[DynamicCheck.Testing.TestRunner]	[0]	Creating file for stage Deel A
2022-04-20T22:30:54.2585033+02:00	DBUG	[DynamicCheck.Testing.TestRunner]	[0]	Recompiling ./DeelA.cs
2022-04-20T22:30:55.4899843+02:00	DBUG	[DynamicCheck.Testing.TestRunner]	[0]	Validating tests...
2022-04-20T22:31:04.0060515+02:00	DBUG	[DynamicCheck.Testing.TestRunner]	[0]	Recompiling ./DeelA.cs
2022-04-20T22:31:04.0199027+02:00	DBUG	[DynamicCheck.Testing.TestRunner]	[0]	Validating tests...
2022-04-20T22:31:04.4612061+02:00	DBUG	[DynamicCheck.Testing.TestRunner]	[0]	Recompiling ./DeelA.cs
2022-04-20T22:31:04.4718993+02:00	DBUG	[DynamicCheck.Testing.TestRunner]	[0]	Validating tests...
2022-04-20T22:31:04.8082583+02:00	DBUG	[DynamicCheck.Testing.TestRunner]	[0]	Recompiling ./DeelA.cs
2022-04-20T22:31:04.8194566+02:00	DBUG	[DynamicCheck.Testing.TestRunner]	[0]	Validating tests...
2022-04-20T22:31:05.1543177+02:00	DBUG	[DynamicCheck.Testing.TestRunner]	[0]	Recompiling ./DeelA.cs
2022-04-20T22:31:05.1655137+02:00	DBUG	[DynamicCheck.Testing.TestRunner]	[0]	Validating tests...
2022-04-20T22:31:05.4990508+02:00	DBUG	[DynamicCheck.Testing.TestRunner]	[0]	Recompiling ./DeelA.cs
2022-04-20T22:31:05.5099870+02:00	DBUG	[DynamicCheck.Testing.TestRunner]	[0]	Validating tests...
2022-04-20T22:31:05.5106091+02:00	INFO	[DynamicCheck.TestingLifeCycle]	[0]	Ending stage Deel A
2022-04-20T22:31:09.6557503+02:00	INFO	[DynamicCheck.TestingLifeCycle]	[0]	Starting stage: Deel B
2022-04-20T22:31:12.5508719+02:00	DBUG	[DynamicCheck.Testing.TestRunner]	[0]	Creating file for stage Deel B
2022-04-20T22:31:12.5520254+02:00	DBUG	[DynamicCheck.Testing.TestRunner]	[0]	Recompiling ./DeelB.cs
2022-04-20T22:31:12.6299415+02:00	DBUG	[DynamicCheck.Testing.TestRunner]	[0]	Validating tests...
2022-04-20T22:31:14.9460124+02:00	DBUG	[DynamicCheck.Testing.TestRunner]	[0]	Recompiling ./DeelB.cs
2022-04-20T22:31:14.9569717+02:00	DBUG	[DynamicCheck.Testing.TestRunner]	[0]	Validating tests...
2022-04-20T22:31:15.1838704+02:00	DBUG	[DynamicCheck.Testing.TestRunner]	[0]	Recompiling ./DeelB.cs
2022-04-20T22:31:15.2014060+02:00	DBUG	[DynamicCheck.Testing.TestRunner]	[0]	Validating tests...
2022-04-20T22:31:15.3113081+02:00	DBUG	[DynamicCheck.Testing.TestRunner]	[0]	Recompiling ./DeelB.cs
2022-04-20T22:31:15.3222963+02:00	DBUG	[DynamicCheck.Testing.TestRunner]	[0]	Validating tests...
2022-04-20T22:31:15.4394604+02:00	DBUG	[DynamicCheck.Testing.TestRunner]	[0]	Recompiling ./DeelB.cs
2022-04-20T22:31:15.4505778+02:00	DBUG	[DynamicCheck.Testing.TestRunner]	[0]	Validating tests...
2022-04-20T22:31:15.6773696+02:00	DBUG	[DynamicCheck.Testing.TestRunner]	[0]	Recompiling ./DeelB.cs
2022-04-20T22:31:15.6895854+02:00	DBUG	[DynamicCheck.Testing.TestRunner]	[0]	Validating tests...
2022-04-20T22:31:15.8029744+02:00	DBUG	[DynamicCheck.Testing.TestRunner]	[0]	Recompiling ./DeelB.cs
2022-04-20T22:31:15.8144463+02:00	DBUG	[DynamicCheck.Testing.TestRunner]	[0]	Validating tests...
2022-04-20T22:31:16.0379088+02:00	DBUG	[DynamicCheck.Testing.TestRunner]	[0]	Recompiling ./DeelB.cs
2022-04-20T22:31:16.0504549+02:00	DBUG	[DynamicCheck.Testing.TestRunner]	[0]	Validating tests...
2022-04-20T22:31:16.1661263+02:00	DBUG	[DynamicCheck.Testing.TestRunner]	[0]	Recompiling ./DeelB.cs
2022-04-20T22:31:16.1769426+02:00	DBUG	[DynamicCheck.Testing.TestRunner]	[0]	Validating tests...
2022-04-20T22:31:16.4062259+02:00	DBUG	[DynamicCheck.Testing.TestRunner]	[0]	Recompiling ./DeelB.cs
2022-04-20T22:31:16.4179991+02:00	DBUG	[DynamicCheck.Testing.TestRunner]	[0]	Validating tests...
2022-04-20T22:31:16.4190004+02:00	INFO	[DynamicCheck.TestingLifeCycle]	[0]	Ending stage Deel B
2022-04-20T22:31:18.6555215+02:00	INFO	[DynamicCheck.TestingLifeCycle]	[0]	Starting stage: Deel C
2022-04-20T22:31:19.9834406+02:00	DBUG	[DynamicCheck.Testing.TestRunner]	[0]	Creating file for stage Deel C
2022-04-20T22:31:19.9846127+02:00	DBUG	[DynamicCheck.Testing.TestRunner]	[0]	Recompiling ./DeelC.cs
2022-04-20T22:31:20.0359508+02:00	DBUG	[DynamicCheck.Testing.TestRunner]	[0]	Validating tests...
2022-04-20T22:31:20.0361746+02:00	INFO	[DynamicCheck.TestingLifeCycle]	[0]	Ending stage Deel C
2022-04-20T22:31:20.7110500+02:00	INFO	[DynamicCheck.TestingLifeCycle]	[0]	Ending Test
2022-04-20T22:31:21.3512054+02:00	INFO	[Microsoft.Hosting.Lifetime]	[0]	Application is shutting down...
2022-04-20T22:31:21.3536782+02:00	DBUG	[Microsoft.Extensions.Hosting.Internal.Host]	[Stopping]	Hosting stopping
2022-04-20T22:31:21.3543653+02:00	DBUG	[Microsoft.Extensions.Hosting.Internal.Host]	[Stopped]	Hosting stopped
